// Jest Snapshot v1, https://goo.gl/fbAQLP

exports[`BridgeController GET /bridge/next_wiron_requests with a missing api key returns a 401 1`] = `
Object {
  "message": "Unauthorized",
  "statusCode": 401,
}
`;
